Archive member included to satisfy reference by file (symbol)

d:/u퓓tki/programowanie/eclipse-cpp-mars-2-win32-x86_64/eclipse/plugins/fr.ac6.mcu.externaltools.arm-none.win32_1.7.0.201602121829/tools/compiler/bin/../lib/gcc/arm-none-eabi/5.2.1/armv7-m\libgcc.a(_lshrdi3.o)
                              Drivers/STM32F1xx_HAL_Driver/stm32f1xx_hal_flash.o (__aeabi_llsr)
d:/u퓓tki/programowanie/eclipse-cpp-mars-2-win32-x86_64/eclipse/plugins/fr.ac6.mcu.externaltools.arm-none.win32_1.7.0.201602121829/tools/compiler/bin/../lib/gcc/arm-none-eabi/5.2.1/../../../../arm-none-eabi/lib/armv7-m\libc_nano.a(lib_a-exit.o)
                              d:/u퓓tki/programowanie/eclipse-cpp-mars-2-win32-x86_64/eclipse/plugins/fr.ac6.mcu.externaltools.arm-none.win32_1.7.0.201602121829/tools/compiler/bin/../lib/gcc/arm-none-eabi/5.2.1/../../../../arm-none-eabi/lib/armv7-m/crt0.o (exit)
d:/u퓓tki/programowanie/eclipse-cpp-mars-2-win32-x86_64/eclipse/plugins/fr.ac6.mcu.externaltools.arm-none.win32_1.7.0.201602121829/tools/compiler/bin/../lib/gcc/arm-none-eabi/5.2.1/../../../../arm-none-eabi/lib/armv7-m\libc_nano.a(lib_a-impure.o)
                              d:/u퓓tki/programowanie/eclipse-cpp-mars-2-win32-x86_64/eclipse/plugins/fr.ac6.mcu.externaltools.arm-none.win32_1.7.0.201602121829/tools/compiler/bin/../lib/gcc/arm-none-eabi/5.2.1/../../../../arm-none-eabi/lib/armv7-m\libc_nano.a(lib_a-exit.o) (_global_impure_ptr)
d:/u퓓tki/programowanie/eclipse-cpp-mars-2-win32-x86_64/eclipse/plugins/fr.ac6.mcu.externaltools.arm-none.win32_1.7.0.201602121829/tools/compiler/bin/../lib/gcc/arm-none-eabi/5.2.1/../../../../arm-none-eabi/lib/armv7-m\libc_nano.a(lib_a-init.o)
                              d:/u퓓tki/programowanie/eclipse-cpp-mars-2-win32-x86_64/eclipse/plugins/fr.ac6.mcu.externaltools.arm-none.win32_1.7.0.201602121829/tools/compiler/bin/../lib/gcc/arm-none-eabi/5.2.1/../../../../arm-none-eabi/lib/armv7-m/crt0.o (__libc_init_array)
d:/u퓓tki/programowanie/eclipse-cpp-mars-2-win32-x86_64/eclipse/plugins/fr.ac6.mcu.externaltools.arm-none.win32_1.7.0.201602121829/tools/compiler/bin/../lib/gcc/arm-none-eabi/5.2.1/../../../../arm-none-eabi/lib/armv7-m\libc_nano.a(lib_a-memset.o)
                              d:/u퓓tki/programowanie/eclipse-cpp-mars-2-win32-x86_64/eclipse/plugins/fr.ac6.mcu.externaltools.arm-none.win32_1.7.0.201602121829/tools/compiler/bin/../lib/gcc/arm-none-eabi/5.2.1/../../../../arm-none-eabi/lib/armv7-m/crt0.o (memset)
d:/u퓓tki/programowanie/eclipse-cpp-mars-2-win32-x86_64/eclipse/plugins/fr.ac6.mcu.externaltools.arm-none.win32_1.7.0.201602121829/tools/compiler/bin/../lib/gcc/arm-none-eabi/5.2.1/../../../../arm-none-eabi/lib/armv7-m\libc_nano.a(lib_a-sprintf.o)
                              Application/User/main.o (sprintf)
d:/u퓓tki/programowanie/eclipse-cpp-mars-2-win32-x86_64/eclipse/plugins/fr.ac6.mcu.externaltools.arm-none.win32_1.7.0.201602121829/tools/compiler/bin/../lib/gcc/arm-none-eabi/5.2.1/../../../../arm-none-eabi/lib/armv7-m\libc_nano.a(lib_a-nano-svfprintf.o)
                              d:/u퓓tki/programowanie/eclipse-cpp-mars-2-win32-x86_64/eclipse/plugins/fr.ac6.mcu.externaltools.arm-none.win32_1.7.0.201602121829/tools/compiler/bin/../lib/gcc/arm-none-eabi/5.2.1/../../../../arm-none-eabi/lib/armv7-m\libc_nano.a(lib_a-sprintf.o) (_svfprintf_r)
d:/u퓓tki/programowanie/eclipse-cpp-mars-2-win32-x86_64/eclipse/plugins/fr.ac6.mcu.externaltools.arm-none.win32_1.7.0.201602121829/tools/compiler/bin/../lib/gcc/arm-none-eabi/5.2.1/../../../../arm-none-eabi/lib/armv7-m\libc_nano.a(lib_a-nano-vfprintf_i.o)
                              d:/u퓓tki/programowanie/eclipse-cpp-mars-2-win32-x86_64/eclipse/plugins/fr.ac6.mcu.externaltools.arm-none.win32_1.7.0.201602121829/tools/compiler/bin/../lib/gcc/arm-none-eabi/5.2.1/../../../../arm-none-eabi/lib/armv7-m\libc_nano.a(lib_a-nano-svfprintf.o) (_printf_i)
d:/u퓓tki/programowanie/eclipse-cpp-mars-2-win32-x86_64/eclipse/plugins/fr.ac6.mcu.externaltools.arm-none.win32_1.7.0.201602121829/tools/compiler/bin/../lib/gcc/arm-none-eabi/5.2.1/../../../../arm-none-eabi/lib/armv7-m\libc_nano.a(lib_a-memchr-stub.o)
                              d:/u퓓tki/programowanie/eclipse-cpp-mars-2-win32-x86_64/eclipse/plugins/fr.ac6.mcu.externaltools.arm-none.win32_1.7.0.201602121829/tools/compiler/bin/../lib/gcc/arm-none-eabi/5.2.1/../../../../arm-none-eabi/lib/armv7-m\libc_nano.a(lib_a-nano-svfprintf.o) (memchr)
d:/u퓓tki/programowanie/eclipse-cpp-mars-2-win32-x86_64/eclipse/plugins/fr.ac6.mcu.externaltools.arm-none.win32_1.7.0.201602121829/tools/compiler/bin/../lib/gcc/arm-none-eabi/5.2.1/../../../../arm-none-eabi/lib/armv7-m\libc_nano.a(lib_a-memcpy-stub.o)
                              d:/u퓓tki/programowanie/eclipse-cpp-mars-2-win32-x86_64/eclipse/plugins/fr.ac6.mcu.externaltools.arm-none.win32_1.7.0.201602121829/tools/compiler/bin/../lib/gcc/arm-none-eabi/5.2.1/../../../../arm-none-eabi/lib/armv7-m\libc_nano.a(lib_a-nano-svfprintf.o) (memcpy)
[...]
Memory Configuration

Name             Origin             Length             Attributes
FLASH            0x08000000         0x00020000         xr
RAM              0x20000000         0x00002000         xrw
*default*        0x00000000         0xffffffff

Linker script and memory map

LOAD d:/u퓓tki/programowanie/eclipse-cpp-mars-2-win32-x86_64/eclipse/plugins/fr.ac6.mcu.externaltools.arm-none.win32_1.7.0.201602121829/tools/compiler/bin/../lib/gcc/arm-none-eabi/5.2.1/armv7-m/crti.o
LOAD d:/u퓓tki/programowanie/eclipse-cpp-mars-2-win32-x86_64/eclipse/plugins/fr.ac6.mcu.externaltools.arm-none.win32_1.7.0.201602121829/tools/compiler/bin/../lib/gcc/arm-none-eabi/5.2.1/armv7-m/crtbegin.o
LOAD d:/u퓓tki/programowanie/eclipse-cpp-mars-2-win32-x86_64/eclipse/plugins/fr.ac6.mcu.externaltools.arm-none.win32_1.7.0.201602121829/tools/compiler/bin/../lib/gcc/arm-none-eabi/5.2.1/../../../../arm-none-eabi/lib/armv7-m/crt0.o
LOAD d:/u퓓tki/programowanie/eclipse-cpp-mars-2-win32-x86_64/eclipse/plugins/fr.ac6.mcu.externaltools.arm-none.win32_1.7.0.201602121829/tools/compiler/bin/../lib/gcc/arm-none-eabi/5.2.1/../../../../arm-none-eabi/lib/armv7-m\libm.a
LOAD Application/SW4STM32/startup_stm32f100xb.o
LOAD Application/User/main.o
LOAD Application/User/stm32f1xx_hal_msp.o
LOAD Application/User/stm32f1xx_it.o
LOAD Drivers/CMSIS/system_stm32f1xx.o
LOAD Drivers/STM32F1xx_HAL_Driver/stm32f1xx_hal.o
LOAD Drivers/STM32F1xx_HAL_Driver/stm32f1xx_hal_cortex.o
LOAD Drivers/STM32F1xx_HAL_Driver/stm32f1xx_hal_dma.o
LOAD Drivers/STM32F1xx_HAL_Driver/stm32f1xx_hal_flash.o
LOAD Drivers/STM32F1xx_HAL_Driver/stm32f1xx_hal_flash_ex.o
LOAD Drivers/STM32F1xx_HAL_Driver/stm32f1xx_hal_gpio.o
LOAD Drivers/STM32F1xx_HAL_Driver/stm32f1xx_hal_pwr.o
LOAD Drivers/STM32F1xx_HAL_Driver/stm32f1xx_hal_rcc.o
LOAD Drivers/STM32F1xx_HAL_Driver/stm32f1xx_hal_rcc_ex.o
LOAD Drivers/STM32F1xx_HAL_Driver/stm32f1xx_hal_tim.o
LOAD Drivers/STM32F1xx_HAL_Driver/stm32f1xx_hal_tim_ex.o
LOAD Drivers/STM32F1xx_HAL_Driver/stm32f1xx_hal_uart.o
START GROUP
LOAD d:/u퓓tki/programowanie/eclipse-cpp-mars-2-win32-x86_64/eclipse/plugins/fr.ac6.mcu.externaltools.arm-none.win32_1.7.0.201602121829/tools/compiler/bin/../lib/gcc/arm-none-eabi/5.2.1/armv7-m\libgcc.a
LOAD d:/u퓓tki/programowanie/eclipse-cpp-mars-2-win32-x86_64/eclipse/plugins/fr.ac6.mcu.externaltools.arm-none.win32_1.7.0.201602121829/tools/compiler/bin/../lib/gcc/arm-none-eabi/5.2.1/../../../../arm-none-eabi/lib/armv7-m\libc_nano.a
END GROUP
START GROUP
LOAD d:/u퓓tki/programowanie/eclipse-cpp-mars-2-win32-x86_64/eclipse/plugins/fr.ac6.mcu.externaltools.arm-none.win32_1.7.0.201602121829/tools/compiler/bin/../lib/gcc/arm-none-eabi/5.2.1/armv7-m\libgcc.a
LOAD d:/u퓓tki/programowanie/eclipse-cpp-mars-2-win32-x86_64/eclipse/plugins/fr.ac6.mcu.externaltools.arm-none.win32_1.7.0.201602121829/tools/compiler/bin/../lib/gcc/arm-none-eabi/5.2.1/../../../../arm-none-eabi/lib/armv7-m\libc_nano.a
LOAD d:/u퓓tki/programowanie/eclipse-cpp-mars-2-win32-x86_64/eclipse/plugins/fr.ac6.mcu.externaltools.arm-none.win32_1.7.0.201602121829/tools/compiler/bin/../lib/gcc/arm-none-eabi/5.2.1/../../../../arm-none-eabi/lib/armv7-m\libnosys.a
END GROUP
START GROUP
LOAD d:/u퓓tki/programowanie/eclipse-cpp-mars-2-win32-x86_64/eclipse/plugins/fr.ac6.mcu.externaltools.arm-none.win32_1.7.0.201602121829/tools/compiler/bin/../lib/gcc/arm-none-eabi/5.2.1/armv7-m\libgcc.a
LOAD d:/u퓓tki/programowanie/eclipse-cpp-mars-2-win32-x86_64/eclipse/plugins/fr.ac6.mcu.externaltools.arm-none.win32_1.7.0.201602121829/tools/compiler/bin/../lib/gcc/arm-none-eabi/5.2.1/../../../../arm-none-eabi/lib/armv7-m\libc_nano.a
LOAD d:/u퓓tki/programowanie/eclipse-cpp-mars-2-win32-x86_64/eclipse/plugins/fr.ac6.mcu.externaltools.arm-none.win32_1.7.0.201602121829/tools/compiler/bin/../lib/gcc/arm-none-eabi/5.2.1/../../../../arm-none-eabi/lib/armv7-m\libnosys.a
END GROUP
LOAD d:/u퓓tki/programowanie/eclipse-cpp-mars-2-win32-x86_64/eclipse/plugins/fr.ac6.mcu.externaltools.arm-none.win32_1.7.0.201602121829/tools/compiler/bin/../lib/gcc/arm-none-eabi/5.2.1/armv7-m/crtend.o
LOAD d:/u퓓tki/programowanie/eclipse-cpp-mars-2-win32-x86_64/eclipse/plugins/fr.ac6.mcu.externaltools.arm-none.win32_1.7.0.201602121829/tools/compiler/bin/../lib/gcc/arm-none-eabi/5.2.1/armv7-m/crtn.o
                0x20002000                _estack = 0x20002000
                0x00000200                _Min_Heap_Size = 0x200
                0x00000400                _Min_Stack_Size = 0x400

.isr_vector     0x08000000      0x1d0
                0x08000000                . = ALIGN (0x4)
 *(.isr_vector)
 .isr_vector    0x08000000      0x1d0 Application/SW4STM32/startup_stm32f100xb.o
                0x08000000                g_pfnVectors
                0x080001d0                . = ALIGN (0x4)

.text           0x080001d0     0x2148
                0x080001d0                . = ALIGN (0x4)
 *(.text)
 .text          0x080001d0       0xa4 d:/u퓓tki/programowanie/eclipse-cpp-mars-2-win32-x86_64/eclipse/plugins/fr.ac6.mcu.externaltools.arm-none.win32_1.7.0.201602121829/tools/compiler/bin/../lib/gcc/arm-none-eabi/5.2.1/armv7-m/crtbegin.o
 *(.text*)
 .text.Reset_Handler
                0x08000274       0x48 Application/SW4STM32/startup_stm32f100xb.o
                0x08000274                Reset_Handler
 .text.Default_Handler
                0x080002bc        0x2 Application/SW4STM32/startup_stm32f100xb.o
                0x080002bc                RTC_Alarm_IRQHandler
                0x080002bc                EXTI2_IRQHandler
                0x080002bc                TIM1_CC_IRQHandler
                0x080002bc                PVD_IRQHandler
                0x080002bc                PendSV_Handler
                0x080002bc                EXTI3_IRQHandler
                0x080002bc                EXTI0_IRQHandler
                0x080002bc                TIM1_UP_TIM16_IRQHandler
                0x080002bc                SPI1_IRQHandler
                0x080002bc                TAMPER_IRQHandler
                0x080002bc                TIM6_DAC_IRQHandler
                0x080002bc                ADC1_IRQHandler
                0x080002bc                USART3_IRQHandler
                0x080002bc                RTC_IRQHandler
                0x080002bc                DMA1_Channel7_IRQHandler
                0x080002bc                TIM4_IRQHandler
                0x080002bc                I2C1_EV_IRQHandler
                0x080002bc                DMA1_Channel6_IRQHandler
                0x080002bc                TIM3_IRQHandler
                0x080002bc                RCC_IRQHandler
                0x080002bc                DMA1_Channel1_IRQHandler
                0x080002bc                Default_Handler
                0x080002bc                CEC_IRQHandler
                0x080002bc                EXTI15_10_IRQHandler
                0x080002bc                TIM7_IRQHandler
                0x080002bc                EXTI9_5_IRQHandler
                0x080002bc                SVC_Handler
                0x080002bc                EXTI4_IRQHandler
                0x080002bc                TIM1_TRG_COM_TIM17_IRQHandler
                0x080002bc                DMA1_Channel3_IRQHandler
                0x080002bc                WWDG_IRQHandler
                0x080002bc                TIM2_IRQHandler
                0x080002bc                EXTI1_IRQHandler
                0x080002bc                USART2_IRQHandler
                0x080002bc                DMA1_Channel2_IRQHandler
                0x080002bc                FLASH_IRQHandler
                0x080002bc                I2C1_ER_IRQHandler
                0x080002bc                TIM1_BRK_TIM15_IRQHandler
 .text.SystemClock_Config
                0x080002be       0x54 Application/User/main.o
                0x080002be                SystemClock_Config
 *fill*         0x08000312        0x2 
 .text.startup.main
                0x08000314      0x3a8 Application/User/main.o
                0x08000314                main
 .text.HAL_MspInit
                0x080006bc       0x64 Application/User/stm32f1xx_hal_msp.o
                0x080006bc                HAL_MspInit
 .text.HAL_UART_MspInit
                0x08000720       0xbc Application/User/stm32f1xx_hal_msp.o
                0x08000720                HAL_UART_MspInit
 .text.NMI_Handler
                0x080007dc        0x2 Application/User/stm32f1xx_it.o
                0x080007dc                NMI_Handler
 .text.HardFault_Handler
                0x080007de        0x2 Application/User/stm32f1xx_it.o
                0x080007de                HardFault_Handler
 .text.MemManage_Handler
                0x080007e0        0x2 Application/User/stm32f1xx_it.o
                0x080007e0                MemManage_Handler
 .text.BusFault_Handler
                0x080007e2        0x2 Application/User/stm32f1xx_it.o
                0x080007e2                BusFault_Handler
 .text.UsageFault_Handler
                0x080007e4        0x2 Application/User/stm32f1xx_it.o
                0x080007e4                UsageFault_Handler
 .text.DebugMon_Handler
                0x080007e6        0x2 Application/User/stm32f1xx_it.o
                0x080007e6                DebugMon_Handler
 .text.SysTick_Handler
                0x080007e8        0xe Application/User/stm32f1xx_it.o
                0x080007e8                SysTick_Handler
 *fill*         0x080007f6        0x2 
 .text.DMA1_Channel4_IRQHandler
                0x080007f8        0xc Application/User/stm32f1xx_it.o
                0x080007f8                DMA1_Channel4_IRQHandler
 .text.DMA1_Channel5_IRQHandler
                0x08000804        0xc Application/User/stm32f1xx_it.o
                0x08000804                DMA1_Channel5_IRQHandler
 .text.USART1_IRQHandler
                0x08000810        0xc Application/User/stm32f1xx_it.o
                0x08000810                USART1_IRQHandler
 .text.SystemInit
                0x0800081c       0x50 Drivers/CMSIS/system_stm32f1xx.o
                0x0800081c                SystemInit
 .text.HAL_InitTick
                0x0800086c       0x24 Drivers/STM32F1xx_HAL_Driver/stm32f1xx_hal.o
                0x0800086c                HAL_InitTick
 .text.HAL_Init
                0x08000890       0x16 Drivers/STM32F1xx_HAL_Driver/stm32f1xx_hal.o
                0x08000890                HAL_Init
 *fill*         0x080008a6        0x2 
 .text.HAL_IncTick
                0x080008a8       0x10 Drivers/STM32F1xx_HAL_Driver/stm32f1xx_hal.o
                0x080008a8                HAL_IncTick
 .text.HAL_GetTick
                0x080008b8        0xc Drivers/STM32F1xx_HAL_Driver/stm32f1xx_hal.o
                0x080008b8                HAL_GetTick
 .text.HAL_Delay
                0x080008c4       0x1a Drivers/STM32F1xx_HAL_Driver/stm32f1xx_hal.o
                0x080008c4                HAL_Delay
 *fill*         0x080008de        0x2 
 .text.HAL_NVIC_SetPriorityGrouping
                0x080008e0       0x24 Drivers/STM32F1xx_HAL_Driver/stm32f1xx_hal_cortex.o
                0x080008e0                HAL_NVIC_SetPriorityGrouping
 .text.HAL_NVIC_SetPriority
                0x08000904       0x68 Drivers/STM32F1xx_HAL_Driver/stm32f1xx_hal_cortex.o
                0x08000904                HAL_NVIC_SetPriority
 .text.HAL_NVIC_EnableIRQ
                0x0800096c       0x18 Drivers/STM32F1xx_HAL_Driver/stm32f1xx_hal_cortex.o
                0x0800096c                HAL_NVIC_EnableIRQ
 .text.HAL_SYSTICK_Config
                0x08000984       0x2c Drivers/STM32F1xx_HAL_Driver/stm32f1xx_hal_cortex.o
                0x08000984                HAL_SYSTICK_Config
 .text.HAL_SYSTICK_CLKSourceConfig
                0x080009b0       0x18 Drivers/STM32F1xx_HAL_Driver/stm32f1xx_hal_cortex.o
                0x080009b0                HAL_SYSTICK_CLKSourceConfig
 .text.HAL_SYSTICK_Callback
                0x080009c8        0x2 Drivers/STM32F1xx_HAL_Driver/stm32f1xx_hal_cortex.o
                0x080009c8                HAL_SYSTICK_Callback
 .text.HAL_SYSTICK_IRQHandler
                0x080009ca        0x8 Drivers/STM32F1xx_HAL_Driver/stm32f1xx_hal_cortex.o
                0x080009ca                HAL_SYSTICK_IRQHandler
 .text.HAL_DMA_Init
                0x080009d2       0x4a Drivers/STM32F1xx_HAL_Driver/stm32f1xx_hal_dma.o
                0x080009d2                HAL_DMA_Init
 .text.HAL_DMA_Start_IT
                0x08000a1c       0x5a Drivers/STM32F1xx_HAL_Driver/stm32f1xx_hal_dma.o
                0x08000a1c                HAL_DMA_Start_IT
 *fill*         0x08000a76        0x2 
 .text.HAL_DMA_IRQHandler
                0x08000a78      0x254 Drivers/STM32F1xx_HAL_Driver/stm32f1xx_hal_dma.o
                0x08000a78                HAL_DMA_IRQHandler
 .text.HAL_GPIO_Init
                0x08000ccc      0x1b0 Drivers/STM32F1xx_HAL_Driver/stm32f1xx_hal_gpio.o
                0x08000ccc                HAL_GPIO_Init
 .text.HAL_GPIO_ReadPin
                0x08000e7c        0xc Drivers/STM32F1xx_HAL_Driver/stm32f1xx_hal_gpio.o
                0x08000e7c                HAL_GPIO_ReadPin
 .text.HAL_GPIO_WritePin
                0x08000e88        0x8 Drivers/STM32F1xx_HAL_Driver/stm32f1xx_hal_gpio.o
                0x08000e88                HAL_GPIO_WritePin
 .text.HAL_RCC_OscConfig
                0x08000e90      0x55c Drivers/STM32F1xx_HAL_Driver/stm32f1xx_hal_rcc.o
                0x08000e90                HAL_RCC_OscConfig
 .text.HAL_RCC_ClockConfig
                0x080013ec      0x104 Drivers/STM32F1xx_HAL_Driver/stm32f1xx_hal_rcc.o
                0x080013ec                HAL_RCC_ClockConfig
 .text.HAL_RCC_GetSysClockFreq
                0x080014f0       0xa4 Drivers/STM32F1xx_HAL_Driver/stm32f1xx_hal_rcc.o
                0x080014f0                HAL_RCC_GetSysClockFreq
 .text.HAL_RCC_GetHCLKFreq
                0x08001594       0x38 Drivers/STM32F1xx_HAL_Driver/stm32f1xx_hal_rcc.o
                0x08001594                HAL_RCC_GetHCLKFreq
 .text.HAL_RCC_GetPCLK1Freq
                0x080015cc       0x30 Drivers/STM32F1xx_HAL_Driver/stm32f1xx_hal_rcc.o
                0x080015cc                HAL_RCC_GetPCLK1Freq
 .text.HAL_RCC_GetPCLK2Freq
                0x080015fc       0x30 Drivers/STM32F1xx_HAL_Driver/stm32f1xx_hal_rcc.o
                0x080015fc                HAL_RCC_GetPCLK2Freq
 .text.UART_SetConfig
                0x0800162c       0xc0 Drivers/STM32F1xx_HAL_Driver/stm32f1xx_hal_uart.o
 .text.HAL_UART_Init
                0x080016ec       0x58 Drivers/STM32F1xx_HAL_Driver/stm32f1xx_hal_uart.o
                0x080016ec                HAL_UART_Init
 .text.HAL_UART_Transmit_DMA
                0x08001744       0x84 Drivers/STM32F1xx_HAL_Driver/stm32f1xx_hal_uart.o
                0x08001744                HAL_UART_Transmit_DMA
 .text.HAL_UART_Receive_DMA
                0x080017c8       0x7c Drivers/STM32F1xx_HAL_Driver/stm32f1xx_hal_uart.o
                0x080017c8                HAL_UART_Receive_DMA
 .text.HAL_UART_TxCpltCallback
                0x08001844        0x2 Drivers/STM32F1xx_HAL_Driver/stm32f1xx_hal_uart.o
                0x08001844                HAL_UART_TxCpltCallback
 .text.UART_DMATransmitCplt
                0x08001846       0x2c Drivers/STM32F1xx_HAL_Driver/stm32f1xx_hal_uart.o
 .text.HAL_UART_TxHalfCpltCallback
                0x08001872        0x2 Drivers/STM32F1xx_HAL_Driver/stm32f1xx_hal_uart.o
                0x08001872                HAL_UART_TxHalfCpltCallback
 .text.UART_DMATxHalfCplt
                0x08001874        0xa Drivers/STM32F1xx_HAL_Driver/stm32f1xx_hal_uart.o
 .text.HAL_UART_RxCpltCallback
                0x0800187e        0x2 Drivers/STM32F1xx_HAL_Driver/stm32f1xx_hal_uart.o
                0x0800187e                HAL_UART_RxCpltCallback
 .text.UART_DMAReceiveCplt
                0x08001880       0x32 Drivers/STM32F1xx_HAL_Driver/stm32f1xx_hal_uart.o
 .text.HAL_UART_RxHalfCpltCallback
                0x080018b2        0x2 Drivers/STM32F1xx_HAL_Driver/stm32f1xx_hal_uart.o
                0x080018b2                HAL_UART_RxHalfCpltCallback
 .text.UART_DMARxHalfCplt
                0x080018b4        0xa Drivers/STM32F1xx_HAL_Driver/stm32f1xx_hal_uart.o
 .text.HAL_UART_ErrorCallback
                0x080018be        0x2 Drivers/STM32F1xx_HAL_Driver/stm32f1xx_hal_uart.o
                0x080018be                HAL_UART_ErrorCallback
 .text.UART_DMAError
                0x080018c0       0x1e Drivers/STM32F1xx_HAL_Driver/stm32f1xx_hal_uart.o
 .text.HAL_UART_IRQHandler
                0x080018de      0x184 Drivers/STM32F1xx_HAL_Driver/stm32f1xx_hal_uart.o
                0x080018de                HAL_UART_IRQHandler
 *fill*         0x08001a62        0x2 
 .text.__libc_init_array
                0x08001a64       0x4c d:/u퓓tki/programowanie/eclipse-cpp-mars-2-win32-x86_64/eclipse/plugins/fr.ac6.mcu.externaltools.arm-none.win32_1.7.0.201602121829/tools/compiler/bin/../lib/gcc/arm-none-eabi/5.2.1/../../../../arm-none-eabi/lib/armv7-m\libc_nano.a(lib_a-init.o)
                0x08001a64                __libc_init_array
 .text.sprintf  0x08001ab0       0x48 d:/u퓓tki/programowanie/eclipse-cpp-mars-2-win32-x86_64/eclipse/plugins/fr.ac6.mcu.externaltools.arm-none.win32_1.7.0.201602121829/tools/compiler/bin/../lib/gcc/arm-none-eabi/5.2.1/../../../../arm-none-eabi/lib/armv7-m\libc_nano.a(lib_a-sprintf.o)
                0x08001ab0                siprintf
                0x08001ab0                sprintf
 .text.__ssputs_r
                0x08001af8       0xb2 d:/u퓓tki/programowanie/eclipse-cpp-mars-2-win32-x86_64/eclipse/plugins/fr.ac6.mcu.externaltools.arm-none.win32_1.7.0.201602121829/tools/compiler/bin/../lib/gcc/arm-none-eabi/5.2.1/../../../../arm-none-eabi/lib/armv7-m\libc_nano.a(lib_a-nano-svfprintf.o)
                0x08001af8                __ssputs_r
 *fill*         0x08001baa        0x2 
 .text._svfprintf_r
                0x08001bac      0x1e8 d:/u퓓tki/programowanie/eclipse-cpp-mars-2-win32-x86_64/eclipse/plugins/fr.ac6.mcu.externaltools.arm-none.win32_1.7.0.201602121829/tools/compiler/bin/../lib/gcc/arm-none-eabi/5.2.1/../../../../arm-none-eabi/lib/armv7-m\libc_nano.a(lib_a-nano-svfprintf.o)
                0x08001bac                _svfiprintf_r
                0x08001bac                _svfprintf_r
 .text._printf_common
                0x08001d94       0xec d:/u퓓tki/programowanie/eclipse-cpp-mars-2-win32-x86_64/eclipse/plugins/fr.ac6.mcu.externaltools.arm-none.win32_1.7.0.201602121829/tools/compiler/bin/../lib/gcc/arm-none-eabi/5.2.1/../../../../arm-none-eabi/lib/armv7-m\libc_nano.a(lib_a-nano-vfprintf_i.o)
                0x08001d94                _printf_common
 .text._printf_i
                0x08001e80      0x24c d:/u퓓tki/programowanie/eclipse-cpp-mars-2-win32-x86_64/eclipse/plugins/fr.ac6.mcu.externaltools.arm-none.win32_1.7.0.201602121829/tools/compiler/bin/../lib/gcc/arm-none-eabi/5.2.1/../../../../arm-none-eabi/lib/armv7-m\libc_nano.a(lib_a-nano-vfprintf_i.o)
                0x08001e80                _printf_i
 .text.memchr   0x080020cc       0x1c d:/u퓓tki/programowanie/eclipse-cpp-mars-2-win32-x86_64/eclipse/plugins/fr.ac6.mcu.externaltools.arm-none.win32_1.7.0.201602121829/tools/compiler/bin/../lib/gcc/arm-none-eabi/5.2.1/../../../../arm-none-eabi/lib/armv7-m\libc_nano.a(lib_a-memchr-stub.o)
                0x080020cc                memchr
 .text.memcpy   0x080020e8       0x16 d:/u퓓tki/programowanie/eclipse-cpp-mars-2-win32-x86_64/eclipse/plugins/fr.ac6.mcu.externaltools.arm-none.win32_1.7.0.201602121829/tools/compiler/bin/../lib/gcc/arm-none-eabi/5.2.1/../../../../arm-none-eabi/lib/armv7-m\libc_nano.a(lib_a-memcpy-stub.o)
                0x080020e8                memcpy
 .text.memmove  0x080020fe       0x36 d:/u퓓tki/programowanie/eclipse-cpp-mars-2-win32-x86_64/eclipse/plugins/fr.ac6.mcu.externaltools.arm-none.win32_1.7.0.201602121829/tools/compiler/bin/../lib/gcc/arm-none-eabi/5.2.1/../../../../arm-none-eabi/lib/armv7-m\libc_nano.a(lib_a-memmove.o)
                0x080020fe                memmove
 .text._free_r  0x08002134       0x88 d:/u퓓tki/programowanie/eclipse-cpp-mars-2-win32-x86_64/eclipse/plugins/fr.ac6.mcu.externaltools.arm-none.win32_1.7.0.201602121829/tools/compiler/bin/../lib/gcc/arm-none-eabi/5.2.1/../../../../arm-none-eabi/lib/armv7-m\libc_nano.a(lib_a-nano-freer.o)
                0x08002134                _free_r
 .text._malloc_r
                0x080021bc       0xa8 d:/u퓓tki/programowanie/eclipse-cpp-mars-2-win32-x86_64/eclipse/plugins/fr.ac6.mcu.externaltools.arm-none.win32_1.7.0.201602121829/tools/compiler/bin/../lib/gcc/arm-none-eabi/5.2.1/../../../../arm-none-eabi/lib/armv7-m\libc_nano.a(lib_a-nano-mallocr.o)
                0x080021bc                _malloc_r
 .text._realloc_r
                0x08002264       0x4c d:/u퓓tki/programowanie/eclipse-cpp-mars-2-win32-x86_64/eclipse/plugins/fr.ac6.mcu.externaltools.arm-none.win32_1.7.0.201602121829/tools/compiler/bin/../lib/gcc/arm-none-eabi/5.2.1/../../../../arm-none-eabi/lib/armv7-m\libc_nano.a(lib_a-nano-reallocr.o)
                0x08002264                _realloc_r
 .text._sbrk_r  0x080022b0       0x20 d:/u퓓tki/programowanie/eclipse-cpp-mars-2-win32-x86_64/eclipse/plugins/fr.ac6.mcu.externaltools.arm-none.win32_1.7.0.201602121829/tools/compiler/bin/../lib/gcc/arm-none-eabi/5.2.1/../../../../arm-none-eabi/lib/armv7-m\libc_nano.a(lib_a-sbrkr.o)
                0x080022b0                _sbrk_r
 .text._malloc_usable_size_r
                0x080022d0       0x14 d:/u퓓tki/programowanie/eclipse-cpp-mars-2-win32-x86_64/eclipse/plugins/fr.ac6.mcu.externaltools.arm-none.win32_1.7.0.201602121829/tools/compiler/bin/../lib/gcc/arm-none-eabi/5.2.1/../../../../arm-none-eabi/lib/armv7-m\libc_nano.a(lib_a-nano-msizer.o)
                0x080022d0                _malloc_usable_size_r
 .text._sbrk    0x080022e4       0x1c d:/u퓓tki/programowanie/eclipse-cpp-mars-2-win32-x86_64/eclipse/plugins/fr.ac6.mcu.externaltools.arm-none.win32_1.7.0.201602121829/tools/compiler/bin/../lib/gcc/arm-none-eabi/5.2.1/../../../../arm-none-eabi/lib/armv7-m\libnosys.a(sbrk.o)
                0x080022e4                _sbrk
 *(.glue_7)
 .glue_7        0x08002300        0x0 linker stubs
 *(.glue_7t)
 .glue_7t       0x08002300        0x0 linker stubs
 *(.eh_frame)
 .eh_frame      0x08002300        0x0 d:/u퓓tki/programowanie/eclipse-cpp-mars-2-win32-x86_64/eclipse/plugins/fr.ac6.mcu.externaltools.arm-none.win32_1.7.0.201602121829/tools/compiler/bin/../lib/gcc/arm-none-eabi/5.2.1/armv7-m/crtbegin.o
 *(.init)
 .init          0x08002300        0x4 d:/u퓓tki/programowanie/eclipse-cpp-mars-2-win32-x86_64/eclipse/plugins/fr.ac6.mcu.externaltools.arm-none.win32_1.7.0.201602121829/tools/compiler/bin/../lib/gcc/arm-none-eabi/5.2.1/armv7-m/crti.o
                0x08002300                _init
 .init          0x08002304        0x8 d:/u퓓tki/programowanie/eclipse-cpp-mars-2-win32-x86_64/eclipse/plugins/fr.ac6.mcu.externaltools.arm-none.win32_1.7.0.201602121829/tools/compiler/bin/../lib/gcc/arm-none-eabi/5.2.1/armv7-m/crtn.o
 *(.fini)
 .fini          0x0800230c        0x4 d:/u퓓tki/programowanie/eclipse-cpp-mars-2-win32-x86_64/eclipse/plugins/fr.ac6.mcu.externaltools.arm-none.win32_1.7.0.201602121829/tools/compiler/bin/../lib/gcc/arm-none-eabi/5.2.1/armv7-m/crti.o
                0x0800230c                _fini
 .fini          0x08002310        0x8 d:/u퓓tki/programowanie/eclipse-cpp-mars-2-win32-x86_64/eclipse/plugins/fr.ac6.mcu.externaltools.arm-none.win32_1.7.0.201602121829/tools/compiler/bin/../lib/gcc/arm-none-eabi/5.2.1/armv7-m/crtn.o
                0x08002318                . = ALIGN (0x4)
                0x08002318                _etext = .

.vfp11_veneer   0x08002318        0x0
 .vfp11_veneer  0x08002318        0x0 linker stubs

.v4_bx          0x08002318        0x0
 .v4_bx         0x08002318        0x0 linker stubs

.iplt           0x08002318        0x0
 .iplt          0x08002318        0x0 d:/u퓓tki/programowanie/eclipse-cpp-mars-2-win32-x86_64/eclipse/plugins/fr.ac6.mcu.externaltools.arm-none.win32_1.7.0.201602121829/tools/compiler/bin/../lib/gcc/arm-none-eabi/5.2.1/armv7-m/crtbegin.o

.rodata         0x08002318       0x6c
                0x08002318                . = ALIGN (0x4)
 *(.rodata)
 .rodata        0x08002318       0x30 Drivers/STM32F1xx_HAL_Driver/stm32f1xx_hal_rcc.o
                0x08002338                aAPBAHBPrescTable
 *(.rodata*)
 .rodata.str1.1
                0x08002348        0x5 Application/User/main.o
 .rodata.str1.1
                0x0800234d        0x2 d:/u퓓tki/programowanie/eclipse-cpp-mars-2-win32-x86_64/eclipse/plugins/fr.ac6.mcu.externaltools.arm-none.win32_1.7.0.201602121829/tools/compiler/bin/../lib/gcc/arm-none-eabi/5.2.1/../../../../arm-none-eabi/lib/armv7-m\libc_nano.a(lib_a-impure.o)
 .rodata.str1.1
                0x0800234f       0x11 d:/u퓓tki/programowanie/eclipse-cpp-mars-2-win32-x86_64/eclipse/plugins/fr.ac6.mcu.externaltools.arm-none.win32_1.7.0.201602121829/tools/compiler/bin/../lib/gcc/arm-none-eabi/5.2.1/../../../../arm-none-eabi/lib/armv7-m\libc_nano.a(lib_a-nano-svfprintf.o)
 .rodata.str1.1
                0x08002360       0x22 d:/u퓓tki/programowanie/eclipse-cpp-mars-2-win32-x86_64/eclipse/plugins/fr.ac6.mcu.externaltools.arm-none.win32_1.7.0.201602121829/tools/compiler/bin/../lib/gcc/arm-none-eabi/5.2.1/../../../../arm-none-eabi/lib/armv7-m\libc_nano.a(lib_a-nano-vfprintf_i.o)
                0x08002384                . = ALIGN (0x4)
 *fill*         0x08002382        0x2 

.rel.dyn        0x08002384        0x0
 .rel.iplt      0x08002384        0x0 d:/u퓓tki/programowanie/eclipse-cpp-mars-2-win32-x86_64/eclipse/plugins/fr.ac6.mcu.externaltools.arm-none.win32_1.7.0.201602121829/tools/compiler/bin/../lib/gcc/arm-none-eabi/5.2.1/armv7-m/crtbegin.o

.ARM.extab
 *(.ARM.extab* .gnu.linkonce.armextab.*)

.ARM            0x08002384        0x0
                0x08002384                __exidx_start = .
 *(.ARM.exidx*)
                0x08002384                __exidx_end = .

.preinit_array  0x08002384        0x0
                0x08002384                PROVIDE (__preinit_array_start, .)
 *(.preinit_array*)
                0x08002384                PROVIDE (__preinit_array_end, .)

.init_array     0x08002384        0x4
                0x08002384                PROVIDE (__init_array_start, .)
 *(SORT(.init_array.*))
 *(.init_array*)
 .init_array    0x08002384        0x4 d:/u퓓tki/programowanie/eclipse-cpp-mars-2-win32-x86_64/eclipse/plugins/fr.ac6.mcu.externaltools.arm-none.win32_1.7.0.201602121829/tools/compiler/bin/../lib/gcc/arm-none-eabi/5.2.1/armv7-m/crtbegin.o
                0x08002388                PROVIDE (__init_array_end, .)

.fini_array     0x08002388        0x4
                [!provide]                PROVIDE (__fini_array_start, .)
 *(SORT(.fini_array.*))
 *(.fini_array*)
 .fini_array    0x08002388        0x4 d:/u퓓tki/programowanie/eclipse-cpp-mars-2-win32-x86_64/eclipse/plugins/fr.ac6.mcu.externaltools.arm-none.win32_1.7.0.201602121829/tools/compiler/bin/../lib/gcc/arm-none-eabi/5.2.1/armv7-m/crtbegin.o
                [!provide]                PROVIDE (__fini_array_end, .)
                0x0800238c                _sidata = LOADADDR (.data)

.data           0x20000000       0x68 load address 0x0800238c
                0x20000000                . = ALIGN (0x4)
                0x20000000                _sdata = .
 *(.data)
 .data          0x20000000        0x4 Drivers/CMSIS/system_stm32f1xx.o
                0x20000000                SystemCoreClock
 *(.data*)
 .data.impure_data
                0x20000004       0x60 d:/u퓓tki/programowanie/eclipse-cpp-mars-2-win32-x86_64/eclipse/plugins/fr.ac6.mcu.externaltools.arm-none.win32_1.7.0.201602121829/tools/compiler/bin/../lib/gcc/arm-none-eabi/5.2.1/../../../../arm-none-eabi/lib/armv7-m\libc_nano.a(lib_a-impure.o)
 .data._impure_ptr
                0x20000064        0x4 d:/u퓓tki/programowanie/eclipse-cpp-mars-2-win32-x86_64/eclipse/plugins/fr.ac6.mcu.externaltools.arm-none.win32_1.7.0.201602121829/tools/compiler/bin/../lib/gcc/arm-none-eabi/5.2.1/../../../../arm-none-eabi/lib/armv7-m\libc_nano.a(lib_a-impure.o)
                0x20000064                _impure_ptr
                0x20000068                . = ALIGN (0x4)
                0x20000068                _edata = .

.jcr            0x20000068        0x0 load address 0x080023f4
 .jcr           0x20000068        0x0 d:/u퓓tki/programowanie/eclipse-cpp-mars-2-win32-x86_64/eclipse/plugins/fr.ac6.mcu.externaltools.arm-none.win32_1.7.0.201602121829/tools/compiler/bin/../lib/gcc/arm-none-eabi/5.2.1/armv7-m/crtbegin.o

.tm_clone_table
                0x20000068        0x0 load address 0x080023f4
 .tm_clone_table
                0x20000068        0x0 d:/u퓓tki/programowanie/eclipse-cpp-mars-2-win32-x86_64/eclipse/plugins/fr.ac6.mcu.externaltools.arm-none.win32_1.7.0.201602121829/tools/compiler/bin/../lib/gcc/arm-none-eabi/5.2.1/armv7-m/crtbegin.o
 .tm_clone_table
                0x20000068        0x0 d:/u퓓tki/programowanie/eclipse-cpp-mars-2-win32-x86_64/eclipse/plugins/fr.ac6.mcu.externaltools.arm-none.win32_1.7.0.201602121829/tools/compiler/bin/../lib/gcc/arm-none-eabi/5.2.1/armv7-m/crtend.o

.igot.plt       0x20000068        0x0 load address 0x080023f4
 .igot.plt      0x20000068        0x0 d:/u퓓tki/programowanie/eclipse-cpp-mars-2-win32-x86_64/eclipse/plugins/fr.ac6.mcu.externaltools.arm-none.win32_1.7.0.201602121829/tools/compiler/bin/../lib/gcc/arm-none-eabi/5.2.1/armv7-m/crtbegin.o
                0x20000068                . = ALIGN (0x4)

.bss            0x20000068       0xfc load address 0x080023f4
                0x20000068                _sbss = .
                0x20000068                __bss_start__ = _sbss
 *(.bss)
 .bss           0x20000068       0x1c d:/u퓓tki/programowanie/eclipse-cpp-mars-2-win32-x86_64/eclipse/plugins/fr.ac6.mcu.externaltools.arm-none.win32_1.7.0.201602121829/tools/compiler/bin/../lib/gcc/arm-none-eabi/5.2.1/armv7-m/crtbegin.o
 .bss           0x20000084        0x4 Drivers/STM32F1xx_HAL_Driver/stm32f1xx_hal.o
 *(.bss*)
 .bss.__malloc_sbrk_start
                0x20000088        0x4 d:/u퓓tki/programowanie/eclipse-cpp-mars-2-win32-x86_64/eclipse/plugins/fr.ac6.mcu.externaltools.arm-none.win32_1.7.0.201602121829/tools/compiler/bin/../lib/gcc/arm-none-eabi/5.2.1/../../../../arm-none-eabi/lib/armv7-m\libc_nano.a(lib_a-nano-mallocr.o)
                0x20000088                __malloc_sbrk_start
 .bss.__malloc_free_list
                0x2000008c        0x4 d:/u퓓tki/programowanie/eclipse-cpp-mars-2-win32-x86_64/eclipse/plugins/fr.ac6.mcu.externaltools.arm-none.win32_1.7.0.201602121829/tools/compiler/bin/../lib/gcc/arm-none-eabi/5.2.1/../../../../arm-none-eabi/lib/armv7-m\libc_nano.a(lib_a-nano-mallocr.o)
                0x2000008c                __malloc_free_list
 .bss.heap_end.4167
                0x20000090        0x4 d:/u퓓tki/programowanie/eclipse-cpp-mars-2-win32-x86_64/eclipse/plugins/fr.ac6.mcu.externaltools.arm-none.win32_1.7.0.201602121829/tools/compiler/bin/../lib/gcc/arm-none-eabi/5.2.1/../../../../arm-none-eabi/lib/armv7-m\libnosys.a(sbrk.o)
 *(COMMON)
 COMMON         0x20000094       0xcb Application/User/main.o
                0x20000094                planeActive3
                0x20000096                x
                0x20000098                planeActive5
                0x20000099                receivedValue
                0x2000009e                previousPlane
                0x2000009f                planeActive1
                0x200000a0                planeActive2
                0x200000a4                hdma_usart1_tx
                0x200000dc                z
                0x200000e0                hdma_usart1_rx
                0x20000118                huart1
                0x20000158                y
                0x2000015a                presentPlane
                0x2000015b                planeActive4
                0x2000015c                buttonClicked
                0x2000015d                sentValue
 *fill*         0x2000015f        0x1 
 COMMON         0x20000160        0x4 d:/u퓓tki/programowanie/eclipse-cpp-mars-2-win32-x86_64/eclipse/plugins/fr.ac6.mcu.externaltools.arm-none.win32_1.7.0.201602121829/tools/compiler/bin/../lib/gcc/arm-none-eabi/5.2.1/../../../../arm-none-eabi/lib/armv7-m\libc_nano.a(lib_a-reent.o)
                0x20000160                errno
                0x20000164                . = ALIGN (0x4)
                0x20000164                _ebss = .
                0x20000164                __bss_end__ = _ebss

._user_heap_stack
                0x20000164      0x604 load address 0x080023f4
                0x20000168                . = ALIGN (0x8)
 *fill*         0x20000164        0x4 
                0x20000168                PROVIDE (end, .)
                [!provide]                PROVIDE (_end, .)
                0x20000368                . = (. + _Min_Heap_Size)
 *fill*         0x20000168      0x200 
                0x20000768                . = (. + _Min_Stack_Size)
 *fill*         0x20000368      0x400 
                0x20000768                . = ALIGN (0x8)

/DISCARD/
 libc.a(*)
 libm.a(*)
 libgcc.a(*)

.ARM.attributes
                0x00000000       0x29
 *(.ARM.attributes)
 .ARM.attributes
                0x00000000       0x1d d:/u퓓tki/programowanie/eclipse-cpp-mars-2-win32-x86_64/eclipse/plugins/fr.ac6.mcu.externaltools.arm-none.win32_1.7.0.201602121829/tools/compiler/bin/../lib/gcc/arm-none-eabi/5.2.1/armv7-m/crti.o
 .ARM.attributes
                0x0000001d       0x2d d:/u퓓tki/programowanie/eclipse-cpp-mars-2-win32-x86_64/eclipse/plugins/fr.ac6.mcu.externaltools.arm-none.win32_1.7.0.201602121829/tools/compiler/bin/../lib/gcc/arm-none-eabi/5.2.1/armv7-m/crtbegin.o
 .ARM.attributes
                0x0000004a       0x21 Application/SW4STM32/startup_stm32f100xb.o
 .ARM.attributes
                0x0000006b       0x33 Application/User/main.o
 .ARM.attributes
                0x0000009e       0x33 Application/User/stm32f1xx_hal_msp.o
 .ARM.attributes
                0x000000d1       0x33 Application/User/stm32f1xx_it.o
 .ARM.attributes
                0x00000104       0x33 Drivers/CMSIS/system_stm32f1xx.o
 .ARM.attributes
                0x00000137       0x33 Drivers/STM32F1xx_HAL_Driver/stm32f1xx_hal.o
 .ARM.attributes
                0x0000016a       0x33 Drivers/STM32F1xx_HAL_Driver/stm32f1xx_hal_cortex.o
 .ARM.attributes
                0x0000019d       0x33 Drivers/STM32F1xx_HAL_Driver/stm32f1xx_hal_dma.o
 .ARM.attributes
                0x000001d0       0x33 Drivers/STM32F1xx_HAL_Driver/stm32f1xx_hal_gpio.o
 .ARM.attributes
                0x00000203       0x33 Drivers/STM32F1xx_HAL_Driver/stm32f1xx_hal_rcc.o
 .ARM.attributes
                0x00000236       0x33 Drivers/STM32F1xx_HAL_Driver/stm32f1xx_hal_uart.o
 .ARM.attributes
                0x00000269       0x2d d:/u퓓tki/programowanie/eclipse-cpp-mars-2-win32-x86_64/eclipse/plugins/fr.ac6.mcu.externaltools.arm-none.win32_1.7.0.201602121829/tools/compiler/bin/../lib/gcc/arm-none-eabi/5.2.1/../../../../arm-none-eabi/lib/armv7-m\libc_nano.a(lib_a-impure.o)
 .ARM.attributes
                0x00000296       0x2d d:/u퓓tki/programowanie/eclipse-cpp-mars-2-win32-x86_64/eclipse/plugins/fr.ac6.mcu.externaltools.arm-none.win32_1.7.0.201602121829/tools/compiler/bin/../lib/gcc/arm-none-eabi/5.2.1/../../../../arm-none-eabi/lib/armv7-m\libc_nano.a(lib_a-init.o)
 .ARM.attributes
                0x000002c3       0x2d d:/u퓓tki/programowanie/eclipse-cpp-mars-2-win32-x86_64/eclipse/plugins/fr.ac6.mcu.externaltools.arm-none.win32_1.7.0.201602121829/tools/compiler/bin/../lib/gcc/arm-none-eabi/5.2.1/../../../../arm-none-eabi/lib/armv7-m\libc_nano.a(lib_a-sprintf.o)
 .ARM.attributes
                0x000002f0       0x2d d:/u퓓tki/programowanie/eclipse-cpp-mars-2-win32-x86_64/eclipse/plugins/fr.ac6.mcu.externaltools.arm-none.win32_1.7.0.201602121829/tools/compiler/bin/../lib/gcc/arm-none-eabi/5.2.1/../../../../arm-none-eabi/lib/armv7-m\libc_nano.a(lib_a-nano-svfprintf.o)
 .ARM.attributes
                0x0000031d       0x2d d:/u퓓tki/programowanie/eclipse-cpp-mars-2-win32-x86_64/eclipse/plugins/fr.ac6.mcu.externaltools.arm-none.win32_1.7.0.201602121829/tools/compiler/bin/../lib/gcc/arm-none-eabi/5.2.1/../../../../arm-none-eabi/lib/armv7-m\libc_nano.a(lib_a-nano-vfprintf_i.o)
 .ARM.attributes
                0x0000034a       0x2d d:/u퓓tki/programowanie/eclipse-cpp-mars-2-win32-x86_64/eclipse/plugins/fr.ac6.mcu.externaltools.arm-none.win32_1.7.0.201602121829/tools/compiler/bin/../lib/gcc/arm-none-eabi/5.2.1/../../../../arm-none-eabi/lib/armv7-m\libc_nano.a(lib_a-memchr-stub.o)
 .ARM.attributes
                0x00000377       0x2d d:/u퓓tki/programowanie/eclipse-cpp-mars-2-win32-x86_64/eclipse/plugins/fr.ac6.mcu.externaltools.arm-none.win32_1.7.0.201602121829/tools/compiler/bin/../lib/gcc/arm-none-eabi/5.2.1/../../../../arm-none-eabi/lib/armv7-m\libc_nano.a(lib_a-memcpy-stub.o)
 .ARM.attributes
                0x000003a4       0x2d d:/u퓓tki/programowanie/eclipse-cpp-mars-2-win32-x86_64/eclipse/plugins/fr.ac6.mcu.externaltools.arm-none.win32_1.7.0.201602121829/tools/compiler/bin/../lib/gcc/arm-none-eabi/5.2.1/../../../../arm-none-eabi/lib/armv7-m\libc_nano.a(lib_a-memmove.o)
 .ARM.attributes
                0x000003d1       0x2d d:/u퓓tki/programowanie/eclipse-cpp-mars-2-win32-x86_64/eclipse/plugins/fr.ac6.mcu.externaltools.arm-none.win32_1.7.0.201602121829/tools/compiler/bin/../lib/gcc/arm-none-eabi/5.2.1/../../../../arm-none-eabi/lib/armv7-m\libc_nano.a(lib_a-nano-freer.o)
 .ARM.attributes
                0x000003fe       0x2d d:/u퓓tki/programowanie/eclipse-cpp-mars-2-win32-x86_64/eclipse/plugins/fr.ac6.mcu.externaltools.arm-none.win32_1.7.0.201602121829/tools/compiler/bin/../lib/gcc/arm-none-eabi/5.2.1/../../../../arm-none-eabi/lib/armv7-m\libc_nano.a(lib_a-nano-mallocr.o)
 .ARM.attributes
                0x0000042b       0x2d d:/u퓓tki/programowanie/eclipse-cpp-mars-2-win32-x86_64/eclipse/plugins/fr.ac6.mcu.externaltools.arm-none.win32_1.7.0.201602121829/tools/compiler/bin/../lib/gcc/arm-none-eabi/5.2.1/../../../../arm-none-eabi/lib/armv7-m\libc_nano.a(lib_a-nano-reallocr.o)
 .ARM.attributes
                0x00000458       0x2d d:/u퓓tki/programowanie/eclipse-cpp-mars-2-win32-x86_64/eclipse/plugins/fr.ac6.mcu.externaltools.arm-none.win32_1.7.0.201602121829/tools/compiler/bin/../lib/gcc/arm-none-eabi/5.2.1/../../../../arm-none-eabi/lib/armv7-m\libc_nano.a(lib_a-sbrkr.o)
 .ARM.attributes
                0x00000485       0x2d d:/u퓓tki/programowanie/eclipse-cpp-mars-2-win32-x86_64/eclipse/plugins/fr.ac6.mcu.externaltools.arm-none.win32_1.7.0.201602121829/tools/compiler/bin/../lib/gcc/arm-none-eabi/5.2.1/../../../../arm-none-eabi/lib/armv7-m\libc_nano.a(lib_a-nano-msizer.o)
 .ARM.attributes
                0x000004b2       0x2d d:/u퓓tki/programowanie/eclipse-cpp-mars-2-win32-x86_64/eclipse/plugins/fr.ac6.mcu.externaltools.arm-none.win32_1.7.0.201602121829/tools/compiler/bin/../lib/gcc/arm-none-eabi/5.2.1/../../../../arm-none-eabi/lib/armv7-m\libc_nano.a(lib_a-reent.o)
 .ARM.attributes
                0x000004df       0x2d d:/u퓓tki/programowanie/eclipse-cpp-mars-2-win32-x86_64/eclipse/plugins/fr.ac6.mcu.externaltools.arm-none.win32_1.7.0.201602121829/tools/compiler/bin/../lib/gcc/arm-none-eabi/5.2.1/../../../../arm-none-eabi/lib/armv7-m\libnosys.a(sbrk.o)
 .ARM.attributes
                0x0000050c       0x2d d:/u퓓tki/programowanie/eclipse-cpp-mars-2-win32-x86_64/eclipse/plugins/fr.ac6.mcu.externaltools.arm-none.win32_1.7.0.201602121829/tools/compiler/bin/../lib/gcc/arm-none-eabi/5.2.1/armv7-m/crtend.o
 .ARM.attributes
                0x00000539       0x1d d:/u퓓tki/programowanie/eclipse-cpp-mars-2-win32-x86_64/eclipse/plugins/fr.ac6.mcu.externaltools.arm-none.win32_1.7.0.201602121829/tools/compiler/bin/../lib/gcc/arm-none-eabi/5.2.1/armv7-m/crtn.o
OUTPUT(TEST.elf elf32-littlearm)

.debug_line     0x00000000     0x6405
 .debug_line    0x00000000       0xc5 Application/SW4STM32/startup_stm32f100xb.o
 .debug_line    0x000000c5      0x87d Application/User/main.o
 .debug_line    0x00000942      0x7f1 Application/User/stm32f1xx_hal_msp.o
 .debug_line    0x00001133      0x80f Application/User/stm32f1xx_it.o
 .debug_line    0x00001942      0x7d4 Drivers/CMSIS/system_stm32f1xx.o
 .debug_line    0x00002116      0x8cc Drivers/STM32F1xx_HAL_Driver/stm32f1xx_hal.o
 .debug_line    0x000029e2      0x946 Drivers/STM32F1xx_HAL_Driver/stm32f1xx_hal_cortex.o
 .debug_line    0x00003328      0xbef Drivers/STM32F1xx_HAL_Driver/stm32f1xx_hal_dma.o
 .debug_line    0x00003f17      0x90c Drivers/STM32F1xx_HAL_Driver/stm32f1xx_hal_gpio.o
 .debug_line    0x00004823      0xd1f Drivers/STM32F1xx_HAL_Driver/stm32f1xx_hal_rcc.o
 .debug_line    0x00005542      0xec3 Drivers/STM32F1xx_HAL_Driver/stm32f1xx_hal_uart.o

.debug_info     0x00000000     0x63a3
 .debug_info    0x00000000       0xbe Application/SW4STM32/startup_stm32f100xb.o
 .debug_info    0x000000be      0xe4b Application/User/main.o
 .debug_info    0x00000f09      0x9be Application/User/stm32f1xx_hal_msp.o
 .debug_info    0x000018c7      0x5ca Application/User/stm32f1xx_it.o
 .debug_info    0x00001e91      0x3bc Drivers/CMSIS/system_stm32f1xx.o
 .debug_info    0x0000224d      0x610 Drivers/STM32F1xx_HAL_Driver/stm32f1xx_hal.o
 .debug_info    0x0000285d      0xc04 Drivers/STM32F1xx_HAL_Driver/stm32f1xx_hal_cortex.o
 .debug_info    0x00003461      0x64b Drivers/STM32F1xx_HAL_Driver/stm32f1xx_hal_dma.o
 .debug_info    0x00003aac      0x629 Drivers/STM32F1xx_HAL_Driver/stm32f1xx_hal_gpio.o
 .debug_info    0x000040d5     0x12ef Drivers/STM32F1xx_HAL_Driver/stm32f1xx_hal_rcc.o
 .debug_info    0x000053c4      0xfdf Drivers/STM32F1xx_HAL_Driver/stm32f1xx_hal_uart.o

.debug_abbrev   0x00000000     0x1526
 .debug_abbrev  0x00000000       0x12 Application/SW4STM32/startup_stm32f100xb.o
 .debug_abbrev  0x00000012      0x24f Application/User/main.o
 .debug_abbrev  0x00000261      0x1a5 Application/User/stm32f1xx_hal_msp.o
 .debug_abbrev  0x00000406      0x175 Application/User/stm32f1xx_it.o
 .debug_abbrev  0x0000057b      0x104 Drivers/CMSIS/system_stm32f1xx.o
 .debug_abbrev  0x0000067f      0x231 Drivers/STM32F1xx_HAL_Driver/stm32f1xx_hal.o
 .debug_abbrev  0x000008b0      0x2f1 Drivers/STM32F1xx_HAL_Driver/stm32f1xx_hal_cortex.o
 .debug_abbrev  0x00000ba1      0x208 Drivers/STM32F1xx_HAL_Driver/stm32f1xx_hal_dma.o
 .debug_abbrev  0x00000da9      0x1cb Drivers/STM32F1xx_HAL_Driver/stm32f1xx_hal_gpio.o
 .debug_abbrev  0x00000f74      0x2ea Drivers/STM32F1xx_HAL_Driver/stm32f1xx_hal_rcc.o
 .debug_abbrev  0x0000125e      0x2c8 Drivers/STM32F1xx_HAL_Driver/stm32f1xx_hal_uart.o

.debug_aranges  0x00000000      0x490
 .debug_aranges
                0x00000000       0x28 Application/SW4STM32/startup_stm32f100xb.o
 .debug_aranges
                0x00000028       0x28 Application/User/main.o
 .debug_aranges
                0x00000050       0x30 Application/User/stm32f1xx_hal_msp.o
 .debug_aranges
                0x00000080       0x68 Application/User/stm32f1xx_it.o
 .debug_aranges
                0x000000e8       0x28 Drivers/CMSIS/system_stm32f1xx.o
 .debug_aranges
                0x00000110       0xa8 Drivers/STM32F1xx_HAL_Driver/stm32f1xx_hal.o
 .debug_aranges
                0x000001b8       0x90 Drivers/STM32F1xx_HAL_Driver/stm32f1xx_hal_cortex.o
 .debug_aranges
                0x00000248       0x60 Drivers/STM32F1xx_HAL_Driver/stm32f1xx_hal_dma.o
 .debug_aranges
                0x000002a8       0x58 Drivers/STM32F1xx_HAL_Driver/stm32f1xx_hal_gpio.o
 .debug_aranges
                0x00000300       0x88 Drivers/STM32F1xx_HAL_Driver/stm32f1xx_hal_rcc.o
 .debug_aranges
                0x00000388      0x108 Drivers/STM32F1xx_HAL_Driver/stm32f1xx_hal_uart.o

.debug_ranges   0x00000000      0x698
 .debug_ranges  0x00000000       0x20 Application/SW4STM32/startup_stm32f100xb.o
 .debug_ranges  0x00000020       0xa0 Application/User/main.o
 .debug_ranges  0x000000c0       0x60 Application/User/stm32f1xx_hal_msp.o
 .debug_ranges  0x00000120       0x58 Application/User/stm32f1xx_it.o
 .debug_ranges  0x00000178       0x18 Drivers/CMSIS/system_stm32f1xx.o
 .debug_ranges  0x00000190       0x98 Drivers/STM32F1xx_HAL_Driver/stm32f1xx_hal.o
 .debug_ranges  0x00000228      0x130 Drivers/STM32F1xx_HAL_Driver/stm32f1xx_hal_cortex.o
 .debug_ranges  0x00000358       0x80 Drivers/STM32F1xx_HAL_Driver/stm32f1xx_hal_dma.o
 .debug_ranges  0x000003d8       0x68 Drivers/STM32F1xx_HAL_Driver/stm32f1xx_hal_gpio.o
 .debug_ranges  0x00000440      0x148 Drivers/STM32F1xx_HAL_Driver/stm32f1xx_hal_rcc.o
 .debug_ranges  0x00000588      0x110 Drivers/STM32F1xx_HAL_Driver/stm32f1xx_hal_uart.o

.debug_macro    0x00000000     0xcba3
 .debug_macro   0x00000000      0x2b6 Application/User/main.o
 .debug_macro   0x000002b6      0x886 Application/User/main.o
 .debug_macro   0x00000b3c       0x40 Application/User/main.o
 .debug_macro   0x00000b7c      0x192 Application/User/main.o
 .debug_macro   0x00000d0e       0x2e Application/User/main.o
 .debug_macro   0x00000d3c       0x22 Application/User/main.o
 .debug_macro   0x00000d5e       0x22 Application/User/main.o
 .debug_macro   0x00000d80       0x44 Application/User/main.o
 .debug_macro   0x00000dc4       0xfd Application/User/main.o
 .debug_macro   0x00000ec1       0x22 Application/User/main.o
 .debug_macro   0x00000ee3      0x1df Application/User/main.o
 .debug_macro   0x000010c2       0x34 Application/User/main.o
 .debug_macro   0x000010f6       0x34 Application/User/main.o
 .debug_macro   0x0000112a      0xb8e Application/User/main.o
 .debug_macro   0x00001cb8     0x41ce Application/User/main.o
 .debug_macro   0x00005e86       0x43 Application/User/main.o
 .debug_macro   0x00005ec9     0x31c3 Application/User/main.o
 .debug_macro   0x0000908c       0x58 Application/User/main.o
 .debug_macro   0x000090e4       0x35 Application/User/main.o
 .debug_macro   0x00009119       0x9c Application/User/main.o
 .debug_macro   0x000091b5       0x16 Application/User/main.o
 .debug_macro   0x000091cb       0x97 Application/User/main.o
 .debug_macro   0x00009262      0x329 Application/User/main.o
 .debug_macro   0x0000958b       0xfd Application/User/main.o
 .debug_macro   0x00009688       0x10 Application/User/main.o
 .debug_macro   0x00009698       0x52 Application/User/main.o
 .debug_macro   0x000096ea       0x16 Application/User/main.o
 .debug_macro   0x00009700       0x43 Application/User/main.o
 .debug_macro   0x00009743      0x187 Application/User/main.o
 .debug_macro   0x000098ca       0x10 Application/User/main.o
 .debug_macro   0x000098da       0x22 Application/User/main.o
 .debug_macro   0x000098fc       0x3a Application/User/main.o
 .debug_macro   0x00009936       0x10 Application/User/main.o
 .debug_macro   0x00009946       0x40 Application/User/main.o
 .debug_macro   0x00009986       0x65 Application/User/main.o
 .debug_macro   0x000099eb       0x16 Application/User/main.o
 .debug_macro   0x00009a01      0x197 Application/User/main.o
 .debug_macro   0x00009b98       0x50 Application/User/main.o
 .debug_macro   0x00009be8      0x77f Application/User/main.o
 .debug_macro   0x0000a367      0x36b Application/User/main.o
 .debug_macro   0x0000a6d2      0x141 Application/User/main.o
 .debug_macro   0x0000a813      0x1d6 Application/User/main.o
 .debug_macro   0x0000a9e9      0x1a7 Application/User/main.o
 .debug_macro   0x0000ab90       0x2d Application/User/main.o
 .debug_macro   0x0000abbd       0x3c Application/User/main.o
 .debug_macro   0x0000abf9       0x57 Application/User/main.o
 .debug_macro   0x0000ac50       0x70 Application/User/main.o
 .debug_macro   0x0000acc0      0x242 Application/User/main.o
 .debug_macro   0x0000af02      0x143 Application/User/main.o
 .debug_macro   0x0000b045      0x256 Application/User/main.o
 .debug_macro   0x0000b29b       0x98 Application/User/main.o
 .debug_macro   0x0000b333       0x22 Application/User/main.o
 .debug_macro   0x0000b355       0x16 Application/User/main.o
 .debug_macro   0x0000b36b       0x35 Application/User/main.o
 .debug_macro   0x0000b3a0      0x296 Application/User/stm32f1xx_hal_msp.o
 .debug_macro   0x0000b636      0x2a0 Application/User/stm32f1xx_it.o
 .debug_macro   0x0000b8d6      0x29c Drivers/CMSIS/system_stm32f1xx.o
 .debug_macro   0x0000bb72      0x2ba Drivers/STM32F1xx_HAL_Driver/stm32f1xx_hal.o
 .debug_macro   0x0000be2c      0x296 Drivers/STM32F1xx_HAL_Driver/stm32f1xx_hal_cortex.o
 .debug_macro   0x0000c0c2      0x29c Drivers/STM32F1xx_HAL_Driver/stm32f1xx_hal_dma.o
 .debug_macro   0x0000c35e      0x306 Drivers/STM32F1xx_HAL_Driver/stm32f1xx_hal_gpio.o
 .debug_macro   0x0000c664      0x2a8 Drivers/STM32F1xx_HAL_Driver/stm32f1xx_hal_rcc.o
 .debug_macro   0x0000c90c      0x297 Drivers/STM32F1xx_HAL_Driver/stm32f1xx_hal_uart.o

.debug_str      0x00000000    0x4bc4c
 .debug_str     0x00000000    0x4aa05 Application/User/main.o
                              0x4ae37 (size before relaxing)
 .debug_str     0x0004aa05       0xc7 Application/User/stm32f1xx_hal_msp.o
                              0x4ab93 (size before relaxing)
 .debug_str     0x0004aacc      0x144 Application/User/stm32f1xx_it.o
                              0x4a896 (size before relaxing)
 .debug_str     0x0004ac10      0x11b Drivers/CMSIS/system_stm32f1xx.o
                              0x4a540 (size before relaxing)
 .debug_str     0x0004ad2b      0x2bc Drivers/STM32F1xx_HAL_Driver/stm32f1xx_hal.o
                              0x4aab5 (size before relaxing)
 .debug_str     0x0004afe7      0x242 Drivers/STM32F1xx_HAL_Driver/stm32f1xx_hal_cortex.o
                              0x4aad8 (size before relaxing)
 .debug_str     0x0004b229      0x163 Drivers/STM32F1xx_HAL_Driver/stm32f1xx_hal_dma.o
                              0x4a769 (size before relaxing)
 .debug_str     0x0004b38c      0x3d2 Drivers/STM32F1xx_HAL_Driver/stm32f1xx_hal_gpio.o
                              0x4a8e6 (size before relaxing)
 .debug_str     0x0004b75e      0x212 Drivers/STM32F1xx_HAL_Driver/stm32f1xx_hal_rcc.o
                              0x4a88f (size before relaxing)
 .debug_str     0x0004b970      0x2dc Drivers/STM32F1xx_HAL_Driver/stm32f1xx_hal_uart.o
                              0x4ab42 (size before relaxing)

.comment        0x00000000       0x6e
 .comment       0x00000000       0x6e Application/User/main.o
                                 0x6f (size before relaxing)
 .comment       0x0000006e       0x6f Application/User/stm32f1xx_hal_msp.o
 .comment       0x0000006e       0x6f Application/User/stm32f1xx_it.o
 .comment       0x0000006e       0x6f Drivers/CMSIS/system_stm32f1xx.o
 .comment       0x0000006e       0x6f Drivers/STM32F1xx_HAL_Driver/stm32f1xx_hal.o
 .comment       0x0000006e       0x6f Drivers/STM32F1xx_HAL_Driver/stm32f1xx_hal_cortex.o
 .comment       0x0000006e       0x6f Drivers/STM32F1xx_HAL_Driver/stm32f1xx_hal_dma.o
 .comment       0x0000006e       0x6f Drivers/STM32F1xx_HAL_Driver/stm32f1xx_hal_gpio.o
 .comment       0x0000006e       0x6f Drivers/STM32F1xx_HAL_Driver/stm32f1xx_hal_rcc.o
 .comment       0x0000006e       0x6f Drivers/STM32F1xx_HAL_Driver/stm32f1xx_hal_uart.o

.debug_frame    0x00000000      0xde0
 .debug_frame   0x00000000       0x4c Application/User/main.o
 .debug_frame   0x0000004c       0x6c Application/User/stm32f1xx_hal_msp.o
 .debug_frame   0x000000b8       0xbc Application/User/stm32f1xx_it.o
 .debug_frame   0x00000174       0x38 Drivers/CMSIS/system_stm32f1xx.o
 .debug_frame   0x000001ac      0x164 Drivers/STM32F1xx_HAL_Driver/stm32f1xx_hal.o
 .debug_frame   0x00000310      0x120 Drivers/STM32F1xx_HAL_Driver/stm32f1xx_hal_cortex.o
 .debug_frame   0x00000430      0x104 Drivers/STM32F1xx_HAL_Driver/stm32f1xx_hal_dma.o
 .debug_frame   0x00000534       0xd4 Drivers/STM32F1xx_HAL_Driver/stm32f1xx_hal_gpio.o
 .debug_frame   0x00000608      0x160 Drivers/STM32F1xx_HAL_Driver/stm32f1xx_hal_rcc.o
 .debug_frame   0x00000768      0x318 Drivers/STM32F1xx_HAL_Driver/stm32f1xx_hal_uart.o
 .debug_frame   0x00000a80       0x2c d:/u퓓tki/programowanie/eclipse-cpp-mars-2-win32-x86_64/eclipse/plugins/fr.ac6.mcu.externaltools.arm-none.win32_1.7.0.201602121829/tools/compiler/bin/../lib/gcc/arm-none-eabi/5.2.1/../../../../arm-none-eabi/lib/armv7-m\libc_nano.a(lib_a-init.o)
 .debug_frame   0x00000aac       0x70 d:/u퓓tki/programowanie/eclipse-cpp-mars-2-win32-x86_64/eclipse/plugins/fr.ac6.mcu.externaltools.arm-none.win32_1.7.0.201602121829/tools/compiler/bin/../lib/gcc/arm-none-eabi/5.2.1/../../../../arm-none-eabi/lib/armv7-m\libc_nano.a(lib_a-sprintf.o)
 .debug_frame   0x00000b1c       0x90 d:/u퓓tki/programowanie/eclipse-cpp-mars-2-win32-x86_64/eclipse/plugins/fr.ac6.mcu.externaltools.arm-none.win32_1.7.0.201602121829/tools/compiler/bin/../lib/gcc/arm-none-eabi/5.2.1/../../../../arm-none-eabi/lib/armv7-m\libc_nano.a(lib_a-nano-svfprintf.o)
 .debug_frame   0x00000bac       0x60 d:/u퓓tki/programowanie/eclipse-cpp-mars-2-win32-x86_64/eclipse/plugins/fr.ac6.mcu.externaltools.arm-none.win32_1.7.0.201602121829/tools/compiler/bin/../lib/gcc/arm-none-eabi/5.2.1/../../../../arm-none-eabi/lib/armv7-m\libc_nano.a(lib_a-nano-vfprintf_i.o)
 .debug_frame   0x00000c0c       0x28 d:/u퓓tki/programowanie/eclipse-cpp-mars-2-win32-x86_64/eclipse/plugins/fr.ac6.mcu.externaltools.arm-none.win32_1.7.0.201602121829/tools/compiler/bin/../lib/gcc/arm-none-eabi/5.2.1/../../../../arm-none-eabi/lib/armv7-m\libc_nano.a(lib_a-memchr-stub.o)
 .debug_frame   0x00000c34       0x28 d:/u퓓tki/programowanie/eclipse-cpp-mars-2-win32-x86_64/eclipse/plugins/fr.ac6.mcu.externaltools.arm-none.win32_1.7.0.201602121829/tools/compiler/bin/../lib/gcc/arm-none-eabi/5.2.1/../../../../arm-none-eabi/lib/armv7-m\libc_nano.a(lib_a-memcpy-stub.o)
 .debug_frame   0x00000c5c       0x28 d:/u퓓tki/programowanie/eclipse-cpp-mars-2-win32-x86_64/eclipse/plugins/fr.ac6.mcu.externaltools.arm-none.win32_1.7.0.201602121829/tools/compiler/bin/../lib/gcc/arm-none-eabi/5.2.1/../../../../arm-none-eabi/lib/armv7-m\libc_nano.a(lib_a-memmove.o)
 .debug_frame   0x00000c84       0x2c d:/u퓓tki/programowanie/eclipse-cpp-mars-2-win32-x86_64/eclipse/plugins/fr.ac6.mcu.externaltools.arm-none.win32_1.7.0.201602121829/tools/compiler/bin/../lib/gcc/arm-none-eabi/5.2.1/../../../../arm-none-eabi/lib/armv7-m\libc_nano.a(lib_a-nano-freer.o)
 .debug_frame   0x00000cb0       0x2c d:/u퓓tki/programowanie/eclipse-cpp-mars-2-win32-x86_64/eclipse/plugins/fr.ac6.mcu.externaltools.arm-none.win32_1.7.0.201602121829/tools/compiler/bin/../lib/gcc/arm-none-eabi/5.2.1/../../../../arm-none-eabi/lib/armv7-m\libc_nano.a(lib_a-nano-mallocr.o)
 .debug_frame   0x00000cdc       0x3c d:/u퓓tki/programowanie/eclipse-cpp-mars-2-win32-x86_64/eclipse/plugins/fr.ac6.mcu.externaltools.arm-none.win32_1.7.0.201602121829/tools/compiler/bin/../lib/gcc/arm-none-eabi/5.2.1/../../../../arm-none-eabi/lib/armv7-m\libc_nano.a(lib_a-nano-reallocr.o)
 .debug_frame   0x00000d18       0x2c d:/u퓓tki/programowanie/eclipse-cpp-mars-2-win32-x86_64/eclipse/plugins/fr.ac6.mcu.externaltools.arm-none.win32_1.7.0.201602121829/tools/compiler/bin/../lib/gcc/arm-none-eabi/5.2.1/../../../../arm-none-eabi/lib/armv7-m\libc_nano.a(lib_a-sbrkr.o)
 .debug_frame   0x00000d44       0x20 d:/u퓓tki/programowanie/eclipse-cpp-mars-2-win32-x86_64/eclipse/plugins/fr.ac6.mcu.externaltools.arm-none.win32_1.7.0.201602121829/tools/compiler/bin/../lib/gcc/arm-none-eabi/5.2.1/../../../../arm-none-eabi/lib/armv7-m\libc_nano.a(lib_a-nano-msizer.o)
 .debug_frame   0x00000d64       0x5c d:/u퓓tki/programowanie/eclipse-cpp-mars-2-win32-x86_64/eclipse/plugins/fr.ac6.mcu.externaltools.arm-none.win32_1.7.0.201602121829/tools/compiler/bin/../lib/gcc/arm-none-eabi/5.2.1/../../../../arm-none-eabi/lib/armv7-m\libc_nano.a(lib_a-reent.o)
 .debug_frame   0x00000dc0       0x20 d:/u퓓tki/programowanie/eclipse-cpp-mars-2-win32-x86_64/eclipse/plugins/fr.ac6.mcu.externaltools.arm-none.win32_1.7.0.201602121829/tools/compiler/bin/../lib/gcc/arm-none-eabi/5.2.1/../../../../arm-none-eabi/lib/armv7-m\libnosys.a(sbrk.o)

.debug_loc      0x00000000     0x23a8
 .debug_loc     0x00000000       0x63 Application/User/stm32f1xx_hal_msp.o
 .debug_loc     0x00000063       0xbe Drivers/CMSIS/system_stm32f1xx.o
 .debug_loc     0x00000121       0x73 Drivers/STM32F1xx_HAL_Driver/stm32f1xx_hal.o
 .debug_loc     0x00000194      0x48f Drivers/STM32F1xx_HAL_Driver/stm32f1xx_hal_cortex.o
 .debug_loc     0x00000623      0x438 Drivers/STM32F1xx_HAL_Driver/stm32f1xx_hal_dma.o
 .debug_loc     0x00000a5b      0x2e8 Drivers/STM32F1xx_HAL_Driver/stm32f1xx_hal_gpio.o
 .debug_loc     0x00000d43      0x8e3 Drivers/STM32F1xx_HAL_Driver/stm32f1xx_hal_rcc.o
 .debug_loc     0x00001626      0xd82 Drivers/STM32F1xx_HAL_Driver/stm32f1xx_hal_uart.o
